Program
  List
    Function
      FunctionID ID="a"
    Function
      FunctionID ID="b"